// Jest Snapshot v1, https://goo.gl/fbAQLP

exports[`sample sjoudl 1`] = `
<Draggable
  id="324"
  render="div"
>
  <div
    draggable={true}
    onDragStart={[Function]}
  >
    work
  </div>
</Draggable>
`;
