// Jest Snapshot v1, https://goo.gl/fbAQLP

exports[`sample should 1`] = `
<div
  draggable="true"
>
  work
</div>
`;
